✓ Initialized. View run at 
https://modal.com/apps/aviralmansingka/main/ap-kWNjUzLfhWE3suLxqR5AnQ
Building image im-HKRpw5Vd6TZMHyDLKl39ot

=> Step 0: FROM base

=> Step 1: ENV HF_HOME=/root/.cache/huggingface

=> Step 2: ENV HF_HUB_CACHE=/root/.cache/huggingface/hub

=> Step 3: ENV HF_HUB_OFFLINE=1

=> Step 4: ENV HF_XET_HIGH_PERFORMANCE=1

=> Step 5: ENV SGLANG_DG_CACHE_DIR=/root/dg-cache

=> Step 6: ENV SGLANG_ALLOW_OVERWRITE_LONGER_CONTEXT_LEN=1

=> Step 7: ENV SGLANG_DISABLE_CUDNN_CHECK=1

=> Step 8: ENV SGLANG_ENABLE_SPEC_V2=1
Saving image...
Image saved, took 4.19s

Built image im-HKRpw5Vd6TZMHyDLKl39ot in 6.24s


✓ Created objects.
├── 🔨 Created mount /Users/aviral/kimi-endpoint/serve.py
├── 🔨 Created function SGLang.
├── 🔨 Created function check_argv.
└── 🔨 Created flash service endpoint for SGLang => 
    https://aviralmansingka--kimi-k3-sglang-dev.us-west.modal.direct
Launch argv: ["python", "-m", "sglang.launch_server", "--model-path", "nvidia/Kimi-K3-NVFP4", "--served-model-name", "nvidia/Kimi-K3-NVFP4", "--host", "0.0.0.0", "--port", "8000", "--tp", "8", "--cuda-graph-max-bs", "32", "--enable-metrics", "--decode-log-interval", "10", "--trust-remote-code", "--tool-call-parser", "kimi_k3", "--reasoning-parser", "kimi_k3", "--dcp-size", "8", "--max-mamba-cache-size", "160", "--chunked-prefill-size", "16384", "--mem-fraction-static", "0.85", "--moe-runner-backend", "flashinfer_trtllm", "--speculative-algorithm", "DSPARK", "--speculative-draft-model-path", "RadixArk/Kimi-K3-DSpark", "--speculative-dspark-block-size", "7", "--enable-linear-replayssm-spec"]
First 50 output lines:
/sgl-workspace/sglang/python/sglang/launch_server.py:56: UserWarning: 'python -m sglang.launch_server' is still supported, but 'sglang serve' is the recommended entrypoint.
  Example: sglang serve --model-path <model> [options]
  warnings.warn(
[1;33m'--cuda-graph-max-bs' is deprecated and will be removed in a future release. Use '--cuda-graph-max-bs-decode' instead.[0m
Traceback (most recent call last):
  File "/sgl-workspace/sglang/python/sglang/srt/utils/common.py", line 922, in get_device
    return current_platform.get_device(device_id)
           ^^^^^^^^^^^^^^^^^^^^^^^^^^^^^^^^^^^^^^
  File "/sgl-workspace/sglang/python/sglang/srt/platforms/device_mixin.py", line 176, in get_device
    raise NotImplementedError
NotImplementedError

During handling of the above exception, another exception occurred:

Traceback (most recent call last):
  File "<frozen runpy>", line 198, in _run_module_as_main
  File "<frozen runpy>", line 88, in _run_code
  File "/sgl-workspace/sglang/python/sglang/launch_server.py", line 68, in <module>
    server_args = prepare_server_args(sys.argv[1:])
                  ^^^^^^^^^^^^^^^^^^^^^^^^^^^^^^^^^
  File "/sgl-workspace/sglang/python/sglang/srt/server_args.py", line 9755, in prepare_server_args
    return ServerArgs.from_cli_args(raw_args)
           ^^^^^^^^^^^^^^^^^^^^^^^^^^^^^^^^^^
  File "/sgl-workspace/sglang/python/sglang/srt/server_args.py", line 8861, in from_cli_args
    return cls(**{attr: getattr(args, attr) for attr in attrs})
           ^^^^^^^^^^^^^^^^^^^^^^^^^^^^^^^^^^^^^^^^^^^^^^^^^^^^
  File "<string>", line 472, in __init__
  File "/sgl-workspace/sglang/python/sglang/srt/server_args.py", line 3552, in __post_init__
    self._run_resolution_pipeline()
  File "/sgl-workspace/sglang/python/sglang/srt/server_args.py", line 3606, in _run_resolution_pipeline
    self._handle_missing_default_values()
  File "/sgl-workspace/sglang/python/sglang/srt/server_args.py", line 4227, in _handle_missing_default_values
    self.device = get_device()
                  ^^^^^^^^^^^^
  File "/sgl-workspace/sglang/python/sglang/srt/utils/common.py", line 924, in get_device
    raise RuntimeError(
RuntimeError: No accelerator (CUDA, XPU, HPU, NPU, MUSA, MPS) or platform plugin is available.
CPU argv verification: {"verdict": "INCONCLUSIVE", "returncode": 1, "timed_out": false, "seconds": 25.15, "scope": "argv only; not weight loading, kernels, or serving"}
{"verdict": "INCONCLUSIVE", "returncode": 1, "timed_out": false, "seconds": 25.15, "scope": "argv only; not weight loading, kernels, or serving"}
Stopping app - local entrypoint completed.
✓ App completed. View run at 
https://modal.com/apps/aviralmansingka/main/ap-kWNjUzLfhWE3suLxqR5AnQ
